------------------------------------------------------------
TimeQuest Timing Analyzer Summary
------------------------------------------------------------

Type  : Slow 1200mV 85C Model Setup 'u0|pcie_ip|pcie_internal_hip|cyclone_iii.cycloneiv_hssi_pcie_hip|coreclkout'
Slack : -0.290
TNS   : -1.273

Type  : Slow 1200mV 85C Model Setup 'CLOCK_50'
Slack : 10.996
TNS   : 0.000

Type  : Slow 1200mV 85C Model Setup 'n/a'
Slack : 14.319
TNS   : 0.000

Type  : Slow 1200mV 85C Model Hold 'u0|pcie_ip|pcie_internal_hip|cyclone_iii.cycloneiv_hssi_pcie_hip|coreclkout'
Slack : 0.250
TNS   : 0.000

Type  : Slow 1200mV 85C Model Hold 'CLOCK_50'
Slack : 0.392
TNS   : 0.000

Type  : Slow 1200mV 85C Model Hold 'n/a'
Slack : 5.189
TNS   : 0.000

Type  : Slow 1200mV 85C Model Recovery 'u0|pcie_ip|pcie_internal_hip|cyclone_iii.cycloneiv_hssi_pcie_hip|coreclkout'
Slack : 2.432
TNS   : 0.000

Type  : Slow 1200mV 85C Model Removal 'u0|pcie_ip|pcie_internal_hip|cyclone_iii.cycloneiv_hssi_pcie_hip|coreclkout'
Slack : 1.175
TNS   : 0.000

Type  : Slow 1200mV 85C Model Minimum Pulse Width 'u0|pcie_ip|altgx_internal|cinnabon_qsys_pcie_ip_altgx_internal_alt_c3gxb_dfh8_component|transmit_pcs0|hiptxclkout'
Slack : 2.000
TNS   : 0.000

Type  : Slow 1200mV 85C Model Minimum Pulse Width 'u0|pcie_ip|altgx_internal|cinnabon_qsys_pcie_ip_altgx_internal_alt_c3gxb_dfh8_component|transmit_pma0|clockout'
Slack : 2.000
TNS   : 0.000

Type  : Slow 1200mV 85C Model Minimum Pulse Width 'u0|pcie_ip|pcie_internal_hip|cyclone_iii.cycloneiv_hssi_pcie_hip|coreclkout'
Slack : 3.573
TNS   : 0.000

Type  : Slow 1200mV 85C Model Minimum Pulse Width 'u0|pcie_ip|pcie_internal_hip|cyclone_iii.cycloneiv_hssi_pcie_hip|pclkch0'
Slack : 3.977
TNS   : 0.000

Type  : Slow 1200mV 85C Model Minimum Pulse Width 'refclk'
Slack : 4.813
TNS   : 0.000

Type  : Slow 1200mV 85C Model Minimum Pulse Width 'CLOCK_50'
Slack : 9.665
TNS   : 0.000

Type  : Slow 1200mV 85C Model Minimum Pulse Width 'CLOCK2_50'
Slack : 16.000
TNS   : 0.000

Type  : Slow 1200mV 85C Model Minimum Pulse Width 'CLOCK3_50'
Slack : 16.000
TNS   : 0.000

Type  : Slow 1200mV 0C Model Setup 'u0|pcie_ip|pcie_internal_hip|cyclone_iii.cycloneiv_hssi_pcie_hip|coreclkout'
Slack : 0.022
TNS   : 0.000

Type  : Slow 1200mV 0C Model Setup 'CLOCK_50'
Slack : 11.668
TNS   : 0.000

Type  : Slow 1200mV 0C Model Setup 'n/a'
Slack : 14.808
TNS   : 0.000

Type  : Slow 1200mV 0C Model Hold 'u0|pcie_ip|pcie_internal_hip|cyclone_iii.cycloneiv_hssi_pcie_hip|coreclkout'
Slack : 0.256
TNS   : 0.000

Type  : Slow 1200mV 0C Model Hold 'CLOCK_50'
Slack : 0.343
TNS   : 0.000

Type  : Slow 1200mV 0C Model Hold 'n/a'
Slack : 4.755
TNS   : 0.000

Type  : Slow 1200mV 0C Model Recovery 'u0|pcie_ip|pcie_internal_hip|cyclone_iii.cycloneiv_hssi_pcie_hip|coreclkout'
Slack : 2.909
TNS   : 0.000

Type  : Slow 1200mV 0C Model Removal 'u0|pcie_ip|pcie_internal_hip|cyclone_iii.cycloneiv_hssi_pcie_hip|coreclkout'
Slack : 1.076
TNS   : 0.000

Type  : Slow 1200mV 0C Model Minimum Pulse Width 'u0|pcie_ip|altgx_internal|cinnabon_qsys_pcie_ip_altgx_internal_alt_c3gxb_dfh8_component|transmit_pcs0|hiptxclkout'
Slack : 2.000
TNS   : 0.000

Type  : Slow 1200mV 0C Model Minimum Pulse Width 'u0|pcie_ip|altgx_internal|cinnabon_qsys_pcie_ip_altgx_internal_alt_c3gxb_dfh8_component|transmit_pma0|clockout'
Slack : 2.000
TNS   : 0.000

Type  : Slow 1200mV 0C Model Minimum Pulse Width 'u0|pcie_ip|pcie_internal_hip|cyclone_iii.cycloneiv_hssi_pcie_hip|coreclkout'
Slack : 3.522
TNS   : 0.000

Type  : Slow 1200mV 0C Model Minimum Pulse Width 'u0|pcie_ip|pcie_internal_hip|cyclone_iii.cycloneiv_hssi_pcie_hip|pclkch0'
Slack : 3.971
TNS   : 0.000

Type  : Slow 1200mV 0C Model Minimum Pulse Width 'refclk'
Slack : 4.811
TNS   : 0.000

Type  : Slow 1200mV 0C Model Minimum Pulse Width 'CLOCK_50'
Slack : 9.651
TNS   : 0.000

Type  : Slow 1200mV 0C Model Minimum Pulse Width 'CLOCK2_50'
Slack : 16.000
TNS   : 0.000

Type  : Slow 1200mV 0C Model Minimum Pulse Width 'CLOCK3_50'
Slack : 16.000
TNS   : 0.000

Type  : Fast 1200mV 0C Model Setup 'u0|pcie_ip|pcie_internal_hip|cyclone_iii.cycloneiv_hssi_pcie_hip|coreclkout'
Slack : 1.747
TNS   : 0.000

Type  : Fast 1200mV 0C Model Setup 'CLOCK_50'
Slack : 14.901
TNS   : 0.000

Type  : Fast 1200mV 0C Model Setup 'n/a'
Slack : 17.093
TNS   : 0.000

Type  : Fast 1200mV 0C Model Hold 'u0|pcie_ip|pcie_internal_hip|cyclone_iii.cycloneiv_hssi_pcie_hip|coreclkout'
Slack : 0.089
TNS   : 0.000

Type  : Fast 1200mV 0C Model Hold 'CLOCK_50'
Slack : 0.174
TNS   : 0.000

Type  : Fast 1200mV 0C Model Hold 'n/a'
Slack : 2.628
TNS   : 0.000

Type  : Fast 1200mV 0C Model Recovery 'u0|pcie_ip|pcie_internal_hip|cyclone_iii.cycloneiv_hssi_pcie_hip|coreclkout'
Slack : 4.890
TNS   : 0.000

Type  : Fast 1200mV 0C Model Removal 'u0|pcie_ip|pcie_internal_hip|cyclone_iii.cycloneiv_hssi_pcie_hip|coreclkout'
Slack : 0.558
TNS   : 0.000

Type  : Fast 1200mV 0C Model Minimum Pulse Width 'u0|pcie_ip|altgx_internal|cinnabon_qsys_pcie_ip_altgx_internal_alt_c3gxb_dfh8_component|transmit_pcs0|hiptxclkout'
Slack : 2.000
TNS   : 0.000

Type  : Fast 1200mV 0C Model Minimum Pulse Width 'u0|pcie_ip|altgx_internal|cinnabon_qsys_pcie_ip_altgx_internal_alt_c3gxb_dfh8_component|transmit_pma0|clockout'
Slack : 2.000
TNS   : 0.000

Type  : Fast 1200mV 0C Model Minimum Pulse Width 'u0|pcie_ip|pcie_internal_hip|cyclone_iii.cycloneiv_hssi_pcie_hip|coreclkout'
Slack : 3.676
TNS   : 0.000

Type  : Fast 1200mV 0C Model Minimum Pulse Width 'u0|pcie_ip|pcie_internal_hip|cyclone_iii.cycloneiv_hssi_pcie_hip|pclkch0'
Slack : 3.994
TNS   : 0.000

Type  : Fast 1200mV 0C Model Minimum Pulse Width 'refclk'
Slack : 4.570
TNS   : 0.000

Type  : Fast 1200mV 0C Model Minimum Pulse Width 'CLOCK_50'
Slack : 9.251
TNS   : 0.000

Type  : Fast 1200mV 0C Model Minimum Pulse Width 'CLOCK2_50'
Slack : 16.000
TNS   : 0.000

Type  : Fast 1200mV 0C Model Minimum Pulse Width 'CLOCK3_50'
Slack : 16.000
TNS   : 0.000

------------------------------------------------------------
