------------------------------------------------------------
TimeQuest Timing Analyzer Summary
------------------------------------------------------------

Type  : Slow 1200mV 85C Model Setup 'pll_100|altpll_component|pll|clk[0]'
Slack : -0.816
TNS   : -8.470

Type  : Slow 1200mV 85C Model Hold 'pll_100|altpll_component|pll|clk[0]'
Slack : 0.282
TNS   : 0.000

Type  : Slow 1200mV 85C Model Minimum Pulse Width 'pll_100|altpll_component|pll|clk[0]'
Slack : 3.618
TNS   : 0.000

Type  : Slow 1200mV 85C Model Minimum Pulse Width 'CLOCK_50'
Slack : 9.815
TNS   : 0.000

Type  : Slow 1200mV 85C Model Minimum Pulse Width 'CLOCK2_50'
Slack : 16.000
TNS   : 0.000

Type  : Slow 1200mV 85C Model Minimum Pulse Width 'CLOCK3_50'
Slack : 16.000
TNS   : 0.000

Type  : Slow 1200mV 0C Model Setup 'pll_100|altpll_component|pll|clk[0]'
Slack : 0.038
TNS   : 0.000

Type  : Slow 1200mV 0C Model Hold 'pll_100|altpll_component|pll|clk[0]'
Slack : 0.283
TNS   : 0.000

Type  : Slow 1200mV 0C Model Minimum Pulse Width 'pll_100|altpll_component|pll|clk[0]'
Slack : 3.613
TNS   : 0.000

Type  : Slow 1200mV 0C Model Minimum Pulse Width 'CLOCK_50'
Slack : 9.824
TNS   : 0.000

Type  : Slow 1200mV 0C Model Minimum Pulse Width 'CLOCK2_50'
Slack : 16.000
TNS   : 0.000

Type  : Slow 1200mV 0C Model Minimum Pulse Width 'CLOCK3_50'
Slack : 16.000
TNS   : 0.000

Type  : Fast 1200mV 0C Model Setup 'pll_100|altpll_component|pll|clk[0]'
Slack : 3.566
TNS   : 0.000

Type  : Fast 1200mV 0C Model Hold 'pll_100|altpll_component|pll|clk[0]'
Slack : 0.097
TNS   : 0.000

Type  : Fast 1200mV 0C Model Minimum Pulse Width 'pll_100|altpll_component|pll|clk[0]'
Slack : 3.729
TNS   : 0.000

Type  : Fast 1200mV 0C Model Minimum Pulse Width 'CLOCK_50'
Slack : 9.449
TNS   : 0.000

Type  : Fast 1200mV 0C Model Minimum Pulse Width 'CLOCK2_50'
Slack : 16.000
TNS   : 0.000

Type  : Fast 1200mV 0C Model Minimum Pulse Width 'CLOCK3_50'
Slack : 16.000
TNS   : 0.000

------------------------------------------------------------
