------------------------------------------------------------
Timing Analyzer Summary
------------------------------------------------------------

Type  : Slow 1200mV 85C Model Setup 'u0|pcie_ip|pcie_internal_hip|cyclone_iii.cycloneiv_hssi_pcie_hip|coreclkout'
Slack : -0.320
TNS   : -10.240

Type  : Slow 1200mV 85C Model Setup 'CLOCK_50'
Slack : 11.912
TNS   : 0.000

Type  : Slow 1200mV 85C Model Setup 'n/a'
Slack : 14.392
TNS   : 0.000

Type  : Slow 1200mV 85C Model Hold 'u0|pcie_ip|pcie_internal_hip|cyclone_iii.cycloneiv_hssi_pcie_hip|coreclkout'
Slack : 0.315
TNS   : 0.000

Type  : Slow 1200mV 85C Model Hold 'CLOCK_50'
Slack : 0.392
TNS   : 0.000

Type  : Slow 1200mV 85C Model Hold 'n/a'
Slack : 5.128
TNS   : 0.000

Type  : Slow 1200mV 85C Model Recovery 'u0|pcie_ip|pcie_internal_hip|cyclone_iii.cycloneiv_hssi_pcie_hip|coreclkout'
Slack : 3.452
TNS   : 0.000

Type  : Slow 1200mV 85C Model Removal 'u0|pcie_ip|pcie_internal_hip|cyclone_iii.cycloneiv_hssi_pcie_hip|coreclkout'
Slack : 1.031
TNS   : 0.000

Type  : Slow 1200mV 85C Model Minimum Pulse Width 'u0|pcie_ip|altgx_internal|cinnabon_qsys_pcie_ip_altgx_internal_alt_c3gxb_dfh8_component|transmit_pcs0|hiptxclkout'
Slack : 2.000
TNS   : 0.000

Type  : Slow 1200mV 85C Model Minimum Pulse Width 'u0|pcie_ip|altgx_internal|cinnabon_qsys_pcie_ip_altgx_internal_alt_c3gxb_dfh8_component|transmit_pma0|clockout'
Slack : 2.000
TNS   : 0.000

Type  : Slow 1200mV 85C Model Minimum Pulse Width 'u0|pcie_ip|pcie_internal_hip|cyclone_iii.cycloneiv_hssi_pcie_hip|coreclkout'
Slack : 3.575
TNS   : 0.000

Type  : Slow 1200mV 85C Model Minimum Pulse Width 'u0|pcie_ip|pcie_internal_hip|cyclone_iii.cycloneiv_hssi_pcie_hip|pclkch0'
Slack : 3.977
TNS   : 0.000

Type  : Slow 1200mV 85C Model Minimum Pulse Width 'refclk'
Slack : 4.813
TNS   : 0.000

Type  : Slow 1200mV 85C Model Minimum Pulse Width 'CLOCK_50'
Slack : 9.662
TNS   : 0.000

Type  : Slow 1200mV 85C Model Minimum Pulse Width 'CLOCK2_50'
Slack : 16.000
TNS   : 0.000

Type  : Slow 1200mV 85C Model Minimum Pulse Width 'CLOCK3_50'
Slack : 16.000
TNS   : 0.000

Type  : Slow 1200mV 0C Model Setup 'u0|pcie_ip|pcie_internal_hip|cyclone_iii.cycloneiv_hssi_pcie_hip|coreclkout'
Slack : 0.370
TNS   : 0.000

Type  : Slow 1200mV 0C Model Setup 'CLOCK_50'
Slack : 12.583
TNS   : 0.000

Type  : Slow 1200mV 0C Model Setup 'n/a'
Slack : 14.865
TNS   : 0.000

Type  : Slow 1200mV 0C Model Hold 'u0|pcie_ip|pcie_internal_hip|cyclone_iii.cycloneiv_hssi_pcie_hip|coreclkout'
Slack : 0.315
TNS   : 0.000

Type  : Slow 1200mV 0C Model Hold 'CLOCK_50'
Slack : 0.344
TNS   : 0.000

Type  : Slow 1200mV 0C Model Hold 'n/a'
Slack : 4.697
TNS   : 0.000

Type  : Slow 1200mV 0C Model Recovery 'u0|pcie_ip|pcie_internal_hip|cyclone_iii.cycloneiv_hssi_pcie_hip|coreclkout'
Slack : 3.883
TNS   : 0.000

Type  : Slow 1200mV 0C Model Removal 'u0|pcie_ip|pcie_internal_hip|cyclone_iii.cycloneiv_hssi_pcie_hip|coreclkout'
Slack : 0.939
TNS   : 0.000

Type  : Slow 1200mV 0C Model Minimum Pulse Width 'u0|pcie_ip|altgx_internal|cinnabon_qsys_pcie_ip_altgx_internal_alt_c3gxb_dfh8_component|transmit_pcs0|hiptxclkout'
Slack : 2.000
TNS   : 0.000

Type  : Slow 1200mV 0C Model Minimum Pulse Width 'u0|pcie_ip|altgx_internal|cinnabon_qsys_pcie_ip_altgx_internal_alt_c3gxb_dfh8_component|transmit_pma0|clockout'
Slack : 2.000
TNS   : 0.000

Type  : Slow 1200mV 0C Model Minimum Pulse Width 'u0|pcie_ip|pcie_internal_hip|cyclone_iii.cycloneiv_hssi_pcie_hip|coreclkout'
Slack : 3.525
TNS   : 0.000

Type  : Slow 1200mV 0C Model Minimum Pulse Width 'u0|pcie_ip|pcie_internal_hip|cyclone_iii.cycloneiv_hssi_pcie_hip|pclkch0'
Slack : 3.971
TNS   : 0.000

Type  : Slow 1200mV 0C Model Minimum Pulse Width 'refclk'
Slack : 4.811
TNS   : 0.000

Type  : Slow 1200mV 0C Model Minimum Pulse Width 'CLOCK_50'
Slack : 9.648
TNS   : 0.000

Type  : Slow 1200mV 0C Model Minimum Pulse Width 'CLOCK2_50'
Slack : 16.000
TNS   : 0.000

Type  : Slow 1200mV 0C Model Minimum Pulse Width 'CLOCK3_50'
Slack : 16.000
TNS   : 0.000

Type  : Fast 1200mV 0C Model Setup 'u0|pcie_ip|pcie_internal_hip|cyclone_iii.cycloneiv_hssi_pcie_hip|coreclkout'
Slack : 3.964
TNS   : 0.000

Type  : Fast 1200mV 0C Model Setup 'CLOCK_50'
Slack : 15.364
TNS   : 0.000

Type  : Fast 1200mV 0C Model Setup 'n/a'
Slack : 17.133
TNS   : 0.000

Type  : Fast 1200mV 0C Model Hold 'u0|pcie_ip|pcie_internal_hip|cyclone_iii.cycloneiv_hssi_pcie_hip|coreclkout'
Slack : 0.118
TNS   : 0.000

Type  : Fast 1200mV 0C Model Hold 'CLOCK_50'
Slack : 0.175
TNS   : 0.000

Type  : Fast 1200mV 0C Model Hold 'n/a'
Slack : 2.595
TNS   : 0.000

Type  : Fast 1200mV 0C Model Recovery 'u0|pcie_ip|pcie_internal_hip|cyclone_iii.cycloneiv_hssi_pcie_hip|coreclkout'
Slack : 5.579
TNS   : 0.000

Type  : Fast 1200mV 0C Model Removal 'u0|pcie_ip|pcie_internal_hip|cyclone_iii.cycloneiv_hssi_pcie_hip|coreclkout'
Slack : 0.491
TNS   : 0.000

Type  : Fast 1200mV 0C Model Minimum Pulse Width 'u0|pcie_ip|altgx_internal|cinnabon_qsys_pcie_ip_altgx_internal_alt_c3gxb_dfh8_component|transmit_pcs0|hiptxclkout'
Slack : 2.000
TNS   : 0.000

Type  : Fast 1200mV 0C Model Minimum Pulse Width 'u0|pcie_ip|altgx_internal|cinnabon_qsys_pcie_ip_altgx_internal_alt_c3gxb_dfh8_component|transmit_pma0|clockout'
Slack : 2.000
TNS   : 0.000

Type  : Fast 1200mV 0C Model Minimum Pulse Width 'u0|pcie_ip|pcie_internal_hip|cyclone_iii.cycloneiv_hssi_pcie_hip|coreclkout'
Slack : 3.681
TNS   : 0.000

Type  : Fast 1200mV 0C Model Minimum Pulse Width 'u0|pcie_ip|pcie_internal_hip|cyclone_iii.cycloneiv_hssi_pcie_hip|pclkch0'
Slack : 3.994
TNS   : 0.000

Type  : Fast 1200mV 0C Model Minimum Pulse Width 'refclk'
Slack : 4.570
TNS   : 0.000

Type  : Fast 1200mV 0C Model Minimum Pulse Width 'CLOCK_50'
Slack : 9.249
TNS   : 0.000

Type  : Fast 1200mV 0C Model Minimum Pulse Width 'CLOCK2_50'
Slack : 16.000
TNS   : 0.000

Type  : Fast 1200mV 0C Model Minimum Pulse Width 'CLOCK3_50'
Slack : 16.000
TNS   : 0.000

------------------------------------------------------------
